[backblue.gif]
[fade.gif]
[index.html]
[traverxec.htb/img/favicon.png]
[traverxec.htb/img/apple-touch-icon.png]
[traverxec.htb/img/items.png]
[traverxec.htb/img/portfolio/portfolio_09.jpg]
[traverxec.htb/img/portfolio/portfolio_02.jpg]
[traverxec.htb/img/portfolio/portfolio_03.jpg]
[traverxec.htb/img/portfolio/portfolio_04.jpg]
[traverxec.htb/img/portfolio/portfolio_06.jpg]
[traverxec.htb/img/portfolio/portfolio_07.jpg]
[traverxec.htb/img/portfolio/portfolio_08.jpg]
[traverxec.htb/img/portfolio/portfolio_01.jpg]
[traverxec.htb/img/portfolio/portfolio_10.jpg]
[traverxec.htb/index.html]
[traverxec.htb/lib/bootstrap/css/bootstrap.min.css]
[traverxec.htb/lib/ionicons/css/ionicons.min.css]
[traverxec.htb/lib/prettyphoto/images/prettyPhoto/default/sprite.png]
[traverxec.htb/lib/prettyphoto/images/prettyPhoto/default/sprite_x.png]
[traverxec.htb/lib/prettyphoto/images/prettyPhoto/default/sprite_y.png]
[traverxec.htb/lib/prettyphoto/images/prettyPhoto/default/sprite_next.png]
[traverxec.htb/lib/prettyphoto/images/prettyPhoto/default/sprite_prev.png]
[traverxec.htb/lib/prettyphoto/images/prettyPhoto/default/default_thumb.png]
[traverxec.htb/lib/prettyphoto/images/prettyPhoto/default/loader.gif]
[traverxec.htb/lib/prettyphoto/images/prettyPhoto/light_rounded/sprite.png]
[traverxec.htb/lib/prettyphoto/images/prettyPhoto/light_rounded/btnNext.png]
[traverxec.htb/lib/prettyphoto/images/prettyPhoto/light_rounded/btnPrevious.png]
[traverxec.htb/lib/prettyphoto/images/prettyPhoto/dark_rounded/sprite.png]
[traverxec.htb/lib/prettyphoto/images/prettyPhoto/dark_rounded/contentPattern.png]
[traverxec.htb/lib/prettyphoto/images/prettyPhoto/dark_rounded/btnNext.png]
[traverxec.htb/lib/prettyphoto/images/prettyPhoto/dark_rounded/btnPrevious.png]
[traverxec.htb/lib/prettyphoto/images/prettyPhoto/dark_rounded/loader.gif]
[traverxec.htb/lib/prettyphoto/images/prettyPhoto/dark_square/loader.gif]
[traverxec.htb/lib/prettyphoto/images/prettyPhoto/dark_square/sprite.png]
[traverxec.htb/lib/prettyphoto/images/prettyPhoto/dark_square/btnNext.png]
[traverxec.htb/lib/prettyphoto/images/prettyPhoto/dark_square/btnPrevious.png]
[traverxec.htb/lib/prettyphoto/images/prettyPhoto/light_square/sprite.png]
[traverxec.htb/lib/prettyphoto/images/prettyPhoto/light_square/btnNext.png]
[traverxec.htb/lib/prettyphoto/images/prettyPhoto/light_square/btnPrevious.png]
[traverxec.htb/lib/prettyphoto/images/prettyPhoto/facebook/sprite.png]
[traverxec.htb/lib/prettyphoto/images/prettyPhoto/facebook/contentPatternTop.png]
[traverxec.htb/lib/prettyphoto/images/prettyPhoto/facebook/contentPatternLeft.png]
[traverxec.htb/lib/prettyphoto/images/prettyPhoto/facebook/contentPatternRight.png]
[traverxec.htb/lib/prettyphoto/images/prettyPhoto/facebook/loader.gif]
[traverxec.htb/lib/prettyphoto/images/prettyPhoto/facebook/btnNext.png]
[traverxec.htb/lib/prettyphoto/images/prettyPhoto/facebook/btnPrevious.png]
[traverxec.htb/lib/prettyphoto/images/prettyPhoto/facebook/contentPatternBottom.png]
[traverxec.htb/lib/prettyphoto/images/prettyPhoto/facebook/default_thumbnail.gif]
[traverxec.htb/lib/prettyphoto/images/prettyPhoto/light_rounded/loader.gif]
[traverxec.htb/lib/prettyphoto/css/prettyphoto.css]
[traverxec.htb/lib/hover/hoverex-all.css]
[traverxec.htb/img/header.jpg]
[traverxec.htb/img/sep.jpg]
[traverxec.htb/css/style.css]
[traverxec.htb/img/header-2.jpg]
[traverxec.htb/img/portfolio/portfolio_05.jpg]
[traverxec.htb/lib/jquery/jquery.min.js]
[traverxec.htb/lib/bootstrap/js/bootstrap.min.js]
[traverxec.htb/lib/php-mail-form/validate.js]
[traverxec.htb/lib/prettyphoto/js/prettyphoto.js]
[traverxec.htb/lib/isotope/isotope.min.js]
[traverxec.htb/lib/hover/hoverdir.js]
[traverxec.htb/lib/hover/hoverex.min.js]
[traverxec.htb/js/main.js]
[traverxec.htb/lib/bootstrap/fonts/glyphicons-halflings-regular.html]
[traverxec.htb/lib/bootstrap/fonts/glyphicons-halflings-regulard41d.html]
[traverxec.htb/lib/bootstrap/fonts/glyphicons-halflings-regular-2.html]
[traverxec.htb/lib/bootstrap/fonts/glyphicons-halflings-regular-3.html]
[traverxec.htb/lib/bootstrap/fonts/glyphicons-halflings-regular-4.html]
[traverxec.htb/lib/bootstrap/fonts/glyphicons-halflings-regular.svg]
[traverxec.htb/lib/ionicons/fonts/ioniconsbab9.html]
[traverxec.htb/lib/ionicons/fonts/ioniconsbab9-2.html]
[traverxec.htb/lib/ionicons/fonts/ioniconsbab9-3.html]
[traverxec.htb/lib/ionicons/fonts/ioniconsbab9.svg]
[traverxec.htb/lib/images/nav.html]
[traverxec.htb/Popover requires tooltip.html]
[traverxec.htb/contactform/contactform.html]
[traverxec.htb/youtu.be/index.html]
