[backblue.gif]
[fade.gif]
[index.html]
[sniper.htb/images/icon.png]
[sniper.htb/images/car.jpg]
[sniper.htb/images/delivery.jpg]
[sniper.htb/images/service.png]
[sniper.htb/images/user.png]
[sniper.htb/index.html]
[sniper.htb/js/index.js]
[sniper.htb/css/style.css]
[sniper.htb/blog/js/index.js]
[sniper.htb/blog/index.html]
[sniper.htb/user/images/icons/favicon.ico]
[sniper.htb/user/vendor/jquery/jquery-3.2.1.min.js]
[sniper.htb/user/vendor/animsition/js/animsition.min.js]
[sniper.htb/user/vendor/bootstrap/js/popper.js]
[sniper.htb/user/vendor/bootstrap/js/bootstrap.min.js]
[sniper.htb/user/vendor/select2/select2.min.js]
[sniper.htb/user/vendor/daterangepicker/moment.min.js]
[sniper.htb/user/vendor/daterangepicker/daterangepicker.js]
[sniper.htb/user/vendor/countdowntime/countdowntime.js]
[sniper.htb/user/login.html]
[sniper.htb/blog/css/style.css]
[sniper.htb/blog/indexfa6d.html]
[sniper.htb/blog/index2916.html]
[sniper.htb/blog/indexf7d3.html]
[sniper.htb/user/vendor/bootstrap/css/bootstrap.min.css]
[sniper.htb/user/js/main.js]
[sniper.htb/user/fonts/font-awesome-4.7.0/fonts/fontawesome-webfont3e6e3e6e.eot]
[sniper.htb/user/fonts/font-awesome-4.7.0/fonts/fontawesome-webfontd41dd41d.eot]
[sniper.htb/user/fonts/font-awesome-4.7.0/fonts/fontawesome-webfont3e6e3e6e.woff2]
[sniper.htb/user/fonts/font-awesome-4.7.0/fonts/fontawesome-webfont3e6e3e6e.woff]
[sniper.htb/user/fonts/font-awesome-4.7.0/fonts/fontawesome-webfont3e6e3e6e.ttf]
[sniper.htb/user/fonts/font-awesome-4.7.0/css/font-awesome.min.css]
[sniper.htb/user/fonts/iconic/fonts/Material-Design-Iconic-Fontd1f1d1f1.woff2]
[sniper.htb/user/fonts/iconic/fonts/Material-Design-Iconic-Fontd1f1d1f1.woff]
[sniper.htb/user/fonts/iconic/fonts/Material-Design-Iconic-Fontd1f1d1f1.ttf]
[sniper.htb/user/fonts/iconic/css/material-design-iconic-font.min.css]
[sniper.htb/user/vendor/animate/animate.css]
[sniper.htb/user/vendor/css-hamburgers/hamburgers.min.css]
[sniper.htb/user/vendor/animsition/css/animsition.min.css]
[sniper.htb/user/vendor/select2/select2.min.css]
[sniper.htb/user/vendor/daterangepicker/daterangepicker.css]
[sniper.htb/user/css/util.css]
[sniper.htb/user/fonts/poppins/Poppins-Regular.ttf]
[sniper.htb/user/fonts/poppins/Poppins-Medium.ttf]
[sniper.htb/user/fonts/poppins/Poppins-Bold.ttf]
[sniper.htb/user/fonts/poppins/Poppins-SemiBold.ttf]
[sniper.htb/user/css/main.css]
[sniper.htb/user/registration.html]
[sniper.htb/user/fonts/font-awesome-4.7.0/fonts/fontawesome-webfont3e6e3e6e.svg]
